// Jest Snapshot v1, https://goo.gl/fbAQLP

exports[`App matches snapshot 1`] = `
Array [
  <section
    dangerouslySetInnerHTML={
      Object {
        "__html": "
        <h1>Hello</h1>
        <p>bla bla <b>bla</b></p>
    ",
      }
    }
  />,
  <div
    dangerouslySetInnerHTML={
      Object {
        "__html": "<p>abc</p>",
      }
    }
  />,
]
`;
